{
  "StudentId": 1,
  "StudentName": "abc",
  "HomeAddress": null
}
